// Jest Snapshot v1, https://goo.gl/fbAQLP

exports[`Tab render TabList render component. 1`] = `"<li role=\\"tab\\" id=\\"react-tabtab-tab-undefined\\" aria-controls=\\"react-tabtab-panel-undefined\\" class=\\"sc-bwzfXH jsVSXf\\"><span class=\\"sc-htpNat jjecFx\\"><span><i class=\\"fa fa-icon\\"></i>tab</span></span></li>"`;

exports[`Tab render TabList render pure text 1`] = `"<li role=\\"tab\\" id=\\"react-tabtab-tab-undefined\\" aria-controls=\\"react-tabtab-panel-undefined\\" class=\\"sc-bwzfXH jsVSXf\\"><span class=\\"sc-htpNat jjecFx\\">tab</span></li>"`;
