// Jest Snapshot v1, https://goo.gl/fbAQLP

exports[`render Tabs normal drag tabs 1`] = `"<div><div class=\\"sc-bdVaJa jnoZas\\"><div class=\\"sc-htpNat jLkHTS\\">DragTab1</div><div class=\\"sc-htpNat hSDLeF\\">DragTab2</div></div><div><div>Content1</div></div></div>"`;

exports[`render Tabs normal tabs 1`] = `"<div><div class=\\"sc-bdVaJa jnoZas\\"><div class=\\"sc-htpNat jLkHTS\\">Tab1</div><div class=\\"sc-htpNat hSDLeF\\">Tab2</div></div><div><div>Content1</div></div></div>"`;
